     1                                  org 100h
     2 00000000 EB11                    jmp     start
     3 00000002 77656C636F6D65204C-     welcome: db 'welcome Lucas OS', '$'
     3 0000000B 75636173204F5324   
     4                                  
     5                                  start:
     6 00000013 BE[0200]                    mov si, welcome
     7 00000016 E80100                      call printstr
     8 00000019 C3                          ret
     9                                  
    10                                  printstr:
    11 0000001A 8A04                        mov al, [si]
    12 0000001C 3C24                        cmp al, '$'
    13 0000001E 7407                        je disover
    14 00000020 B40E                        mov ah, 0eh
    15 00000022 CD10                        int 10h
    16 00000024 46                          inc si
    17 00000025 EBF3                        jmp printstr
    18                                  
    19                                  disover:
    20 00000027 C3                          ret
